[2026-05-24T19:48:43.635+0000] {manager.py:470} INFO - Processing files using up to 2 processes at a time 
[2026-05-24T19:48:43.635+0000] {manager.py:471} INFO - Process each file at most once every 30 seconds
[2026-05-24T19:48:43.635+0000] {manager.py:472} INFO - Checking for new files in /opt/airflow/dags every 300 seconds
[2026-05-24T19:48:43.635+0000] {manager.py:737} INFO - Searching for files in /opt/airflow/dags
[2026-05-24T19:48:43.636+0000] {manager.py:740} INFO - There are 1 files in /opt/airflow/dags
[2026-05-24T19:48:43.700+0000] {manager.py:878} INFO - 
================================================================================
DAG File Processing Stats

File Path                                PID  Runtime      # DAGs    # Errors  Last Runtime    Last Run
-------------------------------------  -----  ---------  --------  ----------  --------------  ----------
/opt/airflow/dags/kest_example_dag.py    167  0.03s             0           0
================================================================================
[2026-05-24T19:49:13.786+0000] {manager.py:878} INFO - 
================================================================================
DAG File Processing Stats

File Path                              PID    Runtime      # DAGs    # Errors  Last Runtime    Last Run
-------------------------------------  -----  ---------  --------  ----------  --------------  -------------------
/opt/airflow/dags/kest_example_dag.py                           1           0  0.31s           2026-05-24T19:48:43
================================================================================
[2026-05-24T19:49:44.139+0000] {manager.py:878} INFO - 
================================================================================
DAG File Processing Stats

File Path                                PID  Runtime      # DAGs    # Errors  Last Runtime    Last Run
-------------------------------------  -----  ---------  --------  ----------  --------------  -------------------
/opt/airflow/dags/kest_example_dag.py    178  0.00s             1           0  0.06s           2026-05-24T19:49:14
================================================================================
[2026-05-24T19:50:14.264+0000] {manager.py:878} INFO - 
================================================================================
DAG File Processing Stats

File Path                                PID  Runtime      # DAGs    # Errors  Last Runtime    Last Run
-------------------------------------  -----  ---------  --------  ----------  --------------  -------------------
/opt/airflow/dags/kest_example_dag.py    183  0.00s             1           0  0.08s           2026-05-24T19:49:44
================================================================================
[2026-05-24T19:50:44.367+0000] {manager.py:878} INFO - 
================================================================================
DAG File Processing Stats

File Path                                PID  Runtime      # DAGs    # Errors  Last Runtime    Last Run
-------------------------------------  -----  ---------  --------  ----------  --------------  -------------------
/opt/airflow/dags/kest_example_dag.py    188  0.00s             1           0  0.06s           2026-05-24T19:50:14
================================================================================
[2026-05-24T19:51:14.483+0000] {manager.py:878} INFO - 
================================================================================
DAG File Processing Stats

File Path                                PID  Runtime      # DAGs    # Errors  Last Runtime    Last Run
-------------------------------------  -----  ---------  --------  ----------  --------------  -------------------
/opt/airflow/dags/kest_example_dag.py    193  0.00s             1           0  0.07s           2026-05-24T19:50:44
================================================================================
[2026-05-24T19:51:44.595+0000] {manager.py:878} INFO - 
================================================================================
DAG File Processing Stats

File Path                                PID  Runtime      # DAGs    # Errors  Last Runtime    Last Run
-------------------------------------  -----  ---------  --------  ----------  --------------  -------------------
/opt/airflow/dags/kest_example_dag.py    198  0.00s             1           0  0.07s           2026-05-24T19:51:14
================================================================================
[2026-05-24T19:52:14.698+0000] {manager.py:878} INFO - 
================================================================================
DAG File Processing Stats

File Path                                PID  Runtime      # DAGs    # Errors  Last Runtime    Last Run
-------------------------------------  -----  ---------  --------  ----------  --------------  -------------------
/opt/airflow/dags/kest_example_dag.py    203  0.00s             1           0  0.07s           2026-05-24T19:51:44
================================================================================
[2026-05-24T19:52:44.810+0000] {manager.py:878} INFO - 
================================================================================
DAG File Processing Stats

File Path                                PID  Runtime      # DAGs    # Errors  Last Runtime    Last Run
-------------------------------------  -----  ---------  --------  ----------  --------------  -------------------
/opt/airflow/dags/kest_example_dag.py    208  0.00s             1           0  0.06s           2026-05-24T19:52:14
================================================================================
[2026-05-24T19:53:14.902+0000] {manager.py:878} INFO - 
================================================================================
DAG File Processing Stats

File Path                                PID  Runtime      # DAGs    # Errors  Last Runtime    Last Run
-------------------------------------  -----  ---------  --------  ----------  --------------  -------------------
/opt/airflow/dags/kest_example_dag.py    213  0.00s             1           0  0.06s           2026-05-24T19:52:44
================================================================================
[2026-05-24T19:53:44.013+0000] {manager.py:737} INFO - Searching for files in /opt/airflow/dags
[2026-05-24T19:53:44.014+0000] {manager.py:740} INFO - There are 1 files in /opt/airflow/dags
[2026-05-24T19:53:45.029+0000] {manager.py:878} INFO - 
================================================================================
DAG File Processing Stats

File Path                                PID  Runtime      # DAGs    # Errors  Last Runtime    Last Run
-------------------------------------  -----  ---------  --------  ----------  --------------  -------------------
/opt/airflow/dags/kest_example_dag.py    218  0.00s             1           0  0.06s           2026-05-24T19:53:14
================================================================================
[2026-05-24T19:54:15.128+0000] {manager.py:878} INFO - 
================================================================================
DAG File Processing Stats

File Path                                PID  Runtime      # DAGs    # Errors  Last Runtime    Last Run
-------------------------------------  -----  ---------  --------  ----------  --------------  -------------------
/opt/airflow/dags/kest_example_dag.py    223  0.00s             1           0  0.07s           2026-05-24T19:53:45
================================================================================
[2026-05-24T19:54:45.250+0000] {manager.py:878} INFO - 
================================================================================
DAG File Processing Stats

File Path                                PID  Runtime      # DAGs    # Errors  Last Runtime    Last Run
-------------------------------------  -----  ---------  --------  ----------  --------------  -------------------
/opt/airflow/dags/kest_example_dag.py    228  0.00s             1           0  0.07s           2026-05-24T19:54:15
================================================================================
[2026-05-24T19:55:15.347+0000] {manager.py:878} INFO - 
================================================================================
DAG File Processing Stats

File Path                                PID  Runtime      # DAGs    # Errors  Last Runtime    Last Run
-------------------------------------  -----  ---------  --------  ----------  --------------  -------------------
/opt/airflow/dags/kest_example_dag.py    233  0.00s             1           0  0.07s           2026-05-24T19:54:45
================================================================================
[2026-05-24T19:55:45.462+0000] {manager.py:878} INFO - 
================================================================================
DAG File Processing Stats

File Path                                PID  Runtime      # DAGs    # Errors  Last Runtime    Last Run
-------------------------------------  -----  ---------  --------  ----------  --------------  -------------------
/opt/airflow/dags/kest_example_dag.py    238  0.00s             1           0  0.07s           2026-05-24T19:55:15
================================================================================
[2026-05-24T19:56:15.564+0000] {manager.py:878} INFO - 
================================================================================
DAG File Processing Stats

File Path                                PID  Runtime      # DAGs    # Errors  Last Runtime    Last Run
-------------------------------------  -----  ---------  --------  ----------  --------------  -------------------
/opt/airflow/dags/kest_example_dag.py    243  0.00s             1           0  0.07s           2026-05-24T19:55:45
================================================================================
[2026-05-24T19:56:45.681+0000] {manager.py:878} INFO - 
================================================================================
DAG File Processing Stats

File Path                                PID  Runtime      # DAGs    # Errors  Last Runtime    Last Run
-------------------------------------  -----  ---------  --------  ----------  --------------  -------------------
/opt/airflow/dags/kest_example_dag.py    248  0.00s             1           0  0.06s           2026-05-24T19:56:15
================================================================================
[2026-05-24T19:57:15.779+0000] {manager.py:878} INFO - 
================================================================================
DAG File Processing Stats

File Path                                PID  Runtime      # DAGs    # Errors  Last Runtime    Last Run
-------------------------------------  -----  ---------  --------  ----------  --------------  -------------------
/opt/airflow/dags/kest_example_dag.py    253  0.00s             1           0  0.07s           2026-05-24T19:56:45
================================================================================
[2026-05-24T19:57:45.893+0000] {manager.py:878} INFO - 
================================================================================
DAG File Processing Stats

File Path                                PID  Runtime      # DAGs    # Errors  Last Runtime    Last Run
-------------------------------------  -----  ---------  --------  ----------  --------------  -------------------
/opt/airflow/dags/kest_example_dag.py    258  0.00s             1           0  0.06s           2026-05-24T19:57:15
================================================================================
[2026-05-24T19:58:15.986+0000] {manager.py:878} INFO - 
================================================================================
DAG File Processing Stats

File Path                                PID  Runtime      # DAGs    # Errors  Last Runtime    Last Run
-------------------------------------  -----  ---------  --------  ----------  --------------  -------------------
/opt/airflow/dags/kest_example_dag.py    263  0.00s             1           0  0.06s           2026-05-24T19:57:45
================================================================================
[2026-05-24T19:58:44.098+0000] {manager.py:737} INFO - Searching for files in /opt/airflow/dags
[2026-05-24T19:58:44.099+0000] {manager.py:740} INFO - There are 1 files in /opt/airflow/dags
[2026-05-24T19:58:46.112+0000] {manager.py:878} INFO - 
================================================================================
DAG File Processing Stats

File Path                                PID  Runtime      # DAGs    # Errors  Last Runtime    Last Run
-------------------------------------  -----  ---------  --------  ----------  --------------  -------------------
/opt/airflow/dags/kest_example_dag.py    268  0.00s             1           0  0.06s           2026-05-24T19:58:16
================================================================================
[2026-05-24T19:59:16.202+0000] {manager.py:878} INFO - 
================================================================================
DAG File Processing Stats

File Path                                PID  Runtime      # DAGs    # Errors  Last Runtime    Last Run
-------------------------------------  -----  ---------  --------  ----------  --------------  -------------------
/opt/airflow/dags/kest_example_dag.py    273  0.00s             1           0  0.07s           2026-05-24T19:58:46
================================================================================
[2026-05-24T19:59:46.322+0000] {manager.py:878} INFO - 
================================================================================
DAG File Processing Stats

File Path                                PID  Runtime      # DAGs    # Errors  Last Runtime    Last Run
-------------------------------------  -----  ---------  --------  ----------  --------------  -------------------
/opt/airflow/dags/kest_example_dag.py    278  0.00s             1           0  0.07s           2026-05-24T19:59:16
================================================================================
[2026-05-24T20:00:16.421+0000] {manager.py:878} INFO - 
================================================================================
DAG File Processing Stats

File Path                                PID  Runtime      # DAGs    # Errors  Last Runtime    Last Run
-------------------------------------  -----  ---------  --------  ----------  --------------  -------------------
/opt/airflow/dags/kest_example_dag.py    283  0.00s             1           0  0.06s           2026-05-24T19:59:46
================================================================================
[2026-05-24T20:00:46.540+0000] {manager.py:878} INFO - 
================================================================================
DAG File Processing Stats

File Path                                PID  Runtime      # DAGs    # Errors  Last Runtime    Last Run
-------------------------------------  -----  ---------  --------  ----------  --------------  -------------------
/opt/airflow/dags/kest_example_dag.py    288  0.00s             1           0  0.07s           2026-05-24T20:00:16
================================================================================
[2026-05-24T20:01:16.633+0000] {manager.py:878} INFO - 
================================================================================
DAG File Processing Stats

File Path                                PID  Runtime      # DAGs    # Errors  Last Runtime    Last Run
-------------------------------------  -----  ---------  --------  ----------  --------------  -------------------
/opt/airflow/dags/kest_example_dag.py    293  0.00s             1           0  0.06s           2026-05-24T20:00:46
================================================================================
[2026-05-24T20:01:46.752+0000] {manager.py:878} INFO - 
================================================================================
DAG File Processing Stats

File Path                                PID  Runtime      # DAGs    # Errors  Last Runtime    Last Run
-------------------------------------  -----  ---------  --------  ----------  --------------  -------------------
/opt/airflow/dags/kest_example_dag.py    298  0.00s             1           0  0.07s           2026-05-24T20:01:16
================================================================================
[2026-05-24T20:02:16.853+0000] {manager.py:878} INFO - 
================================================================================
DAG File Processing Stats

File Path                                PID  Runtime      # DAGs    # Errors  Last Runtime    Last Run
-------------------------------------  -----  ---------  --------  ----------  --------------  -------------------
/opt/airflow/dags/kest_example_dag.py    303  0.00s             1           0  0.07s           2026-05-24T20:01:46
================================================================================
[2026-05-24T20:02:46.975+0000] {manager.py:878} INFO - 
================================================================================
DAG File Processing Stats

File Path                                PID  Runtime      # DAGs    # Errors  Last Runtime    Last Run
-------------------------------------  -----  ---------  --------  ----------  --------------  -------------------
/opt/airflow/dags/kest_example_dag.py    308  0.00s             1           0  0.06s           2026-05-24T20:02:16
================================================================================
[2026-05-24T20:03:17.060+0000] {manager.py:878} INFO - 
================================================================================
DAG File Processing Stats

File Path                                PID  Runtime      # DAGs    # Errors  Last Runtime    Last Run
-------------------------------------  -----  ---------  --------  ----------  --------------  -------------------
/opt/airflow/dags/kest_example_dag.py    313  0.00s             1           0  0.06s           2026-05-24T20:02:47
================================================================================
[2026-05-24T20:03:44.167+0000] {manager.py:737} INFO - Searching for files in /opt/airflow/dags
[2026-05-24T20:03:44.168+0000] {manager.py:740} INFO - There are 1 files in /opt/airflow/dags
[2026-05-24T20:03:47.187+0000] {manager.py:878} INFO - 
================================================================================
DAG File Processing Stats

File Path                                PID  Runtime      # DAGs    # Errors  Last Runtime    Last Run
-------------------------------------  -----  ---------  --------  ----------  --------------  -------------------
/opt/airflow/dags/kest_example_dag.py    318  0.00s             1           0  0.07s           2026-05-24T20:03:17
================================================================================
[2026-05-24T20:04:17.267+0000] {manager.py:878} INFO - 
================================================================================
DAG File Processing Stats

File Path                                PID  Runtime      # DAGs    # Errors  Last Runtime    Last Run
-------------------------------------  -----  ---------  --------  ----------  --------------  -------------------
/opt/airflow/dags/kest_example_dag.py    323  0.00s             1           0  0.07s           2026-05-24T20:03:47
================================================================================
[2026-05-24T20:04:47.399+0000] {manager.py:878} INFO - 
================================================================================
DAG File Processing Stats

File Path                                PID  Runtime      # DAGs    # Errors  Last Runtime    Last Run
-------------------------------------  -----  ---------  --------  ----------  --------------  -------------------
/opt/airflow/dags/kest_example_dag.py    328  0.00s             1           0  0.07s           2026-05-24T20:04:17
================================================================================
[2026-05-24T20:05:17.480+0000] {manager.py:878} INFO - 
================================================================================
DAG File Processing Stats

File Path                                PID  Runtime      # DAGs    # Errors  Last Runtime    Last Run
-------------------------------------  -----  ---------  --------  ----------  --------------  -------------------
/opt/airflow/dags/kest_example_dag.py    333  0.00s             1           0  0.07s           2026-05-24T20:04:47
================================================================================
[2026-05-24T20:05:47.615+0000] {manager.py:878} INFO - 
================================================================================
DAG File Processing Stats

File Path                                PID  Runtime      # DAGs    # Errors  Last Runtime    Last Run
-------------------------------------  -----  ---------  --------  ----------  --------------  -------------------
/opt/airflow/dags/kest_example_dag.py    338  0.00s             1           0  0.07s           2026-05-24T20:05:17
================================================================================
[2026-05-24T20:06:17.706+0000] {manager.py:878} INFO - 
================================================================================
DAG File Processing Stats

File Path                                PID  Runtime      # DAGs    # Errors  Last Runtime    Last Run
-------------------------------------  -----  ---------  --------  ----------  --------------  -------------------
/opt/airflow/dags/kest_example_dag.py    343  0.00s             1           0  0.06s           2026-05-24T20:05:47
================================================================================
[2026-05-24T20:06:47.827+0000] {manager.py:878} INFO - 
================================================================================
DAG File Processing Stats

File Path                                PID  Runtime      # DAGs    # Errors  Last Runtime    Last Run
-------------------------------------  -----  ---------  --------  ----------  --------------  -------------------
/opt/airflow/dags/kest_example_dag.py    348  0.00s             1           0  0.06s           2026-05-24T20:06:17
================================================================================
[2026-05-24T20:07:17.913+0000] {manager.py:878} INFO - 
================================================================================
DAG File Processing Stats

File Path                                PID  Runtime      # DAGs    # Errors  Last Runtime    Last Run
-------------------------------------  -----  ---------  --------  ----------  --------------  -------------------
/opt/airflow/dags/kest_example_dag.py    353  0.00s             1           0  0.07s           2026-05-24T20:06:47
================================================================================
[2026-05-24T20:07:48.032+0000] {manager.py:878} INFO - 
================================================================================
DAG File Processing Stats

File Path                                PID  Runtime      # DAGs    # Errors  Last Runtime    Last Run
-------------------------------------  -----  ---------  --------  ----------  --------------  -------------------
/opt/airflow/dags/kest_example_dag.py    358  0.00s             1           0  0.06s           2026-05-24T20:07:17
================================================================================
[2026-05-24T20:08:18.122+0000] {manager.py:878} INFO - 
================================================================================
DAG File Processing Stats

File Path                                PID  Runtime      # DAGs    # Errors  Last Runtime    Last Run
-------------------------------------  -----  ---------  --------  ----------  --------------  -------------------
/opt/airflow/dags/kest_example_dag.py    363  0.00s             1           0  0.06s           2026-05-24T20:07:48
================================================================================
[2026-05-24T20:08:44.225+0000] {manager.py:737} INFO - Searching for files in /opt/airflow/dags
[2026-05-24T20:08:44.226+0000] {manager.py:740} INFO - There are 1 files in /opt/airflow/dags
[2026-05-24T20:08:48.246+0000] {manager.py:878} INFO - 
================================================================================
DAG File Processing Stats

File Path                                PID  Runtime      # DAGs    # Errors  Last Runtime    Last Run
-------------------------------------  -----  ---------  --------  ----------  --------------  -------------------
/opt/airflow/dags/kest_example_dag.py    368  0.00s             1           0  0.07s           2026-05-24T20:08:18
================================================================================
[2026-05-24T20:09:18.337+0000] {manager.py:878} INFO - 
================================================================================
DAG File Processing Stats

File Path                                PID  Runtime      # DAGs    # Errors  Last Runtime    Last Run
-------------------------------------  -----  ---------  --------  ----------  --------------  -------------------
/opt/airflow/dags/kest_example_dag.py    373  0.00s             1           0  0.07s           2026-05-24T20:08:48
================================================================================
[2026-05-24T20:09:48.458+0000] {manager.py:878} INFO - 
================================================================================
DAG File Processing Stats

File Path                                PID  Runtime      # DAGs    # Errors  Last Runtime    Last Run
-------------------------------------  -----  ---------  --------  ----------  --------------  -------------------
/opt/airflow/dags/kest_example_dag.py    378  0.00s             1           0  0.07s           2026-05-24T20:09:18
================================================================================
[2026-05-24T20:10:18.563+0000] {manager.py:878} INFO - 
================================================================================
DAG File Processing Stats

File Path                                PID  Runtime      # DAGs    # Errors  Last Runtime    Last Run
-------------------------------------  -----  ---------  --------  ----------  --------------  -------------------
/opt/airflow/dags/kest_example_dag.py    383  0.00s             1           0  0.08s           2026-05-24T20:09:48
================================================================================
[2026-05-24T20:10:48.689+0000] {manager.py:878} INFO - 
================================================================================
DAG File Processing Stats

File Path                                PID  Runtime      # DAGs    # Errors  Last Runtime    Last Run
-------------------------------------  -----  ---------  --------  ----------  --------------  -------------------
/opt/airflow/dags/kest_example_dag.py    388  0.00s             1           0  0.07s           2026-05-24T20:10:18
================================================================================
[2026-05-24T20:11:18.785+0000] {manager.py:878} INFO - 
================================================================================
DAG File Processing Stats

File Path                                PID  Runtime      # DAGs    # Errors  Last Runtime    Last Run
-------------------------------------  -----  ---------  --------  ----------  --------------  -------------------
/opt/airflow/dags/kest_example_dag.py    393  0.00s             1           0  0.07s           2026-05-24T20:10:48
================================================================================
[2026-05-24T20:11:48.911+0000] {manager.py:878} INFO - 
================================================================================
DAG File Processing Stats

File Path                                PID  Runtime      # DAGs    # Errors  Last Runtime    Last Run
-------------------------------------  -----  ---------  --------  ----------  --------------  -------------------
/opt/airflow/dags/kest_example_dag.py    398  0.00s             1           0  0.07s           2026-05-24T20:11:18
================================================================================
[2026-05-24T20:12:19.010+0000] {manager.py:878} INFO - 
================================================================================
DAG File Processing Stats

File Path                                PID  Runtime      # DAGs    # Errors  Last Runtime    Last Run
-------------------------------------  -----  ---------  --------  ----------  --------------  -------------------
/opt/airflow/dags/kest_example_dag.py    403  0.00s             1           0  0.07s           2026-05-24T20:11:48
================================================================================
[2026-05-24T20:12:49.134+0000] {manager.py:878} INFO - 
================================================================================
DAG File Processing Stats

File Path                                PID  Runtime      # DAGs    # Errors  Last Runtime    Last Run
-------------------------------------  -----  ---------  --------  ----------  --------------  -------------------
/opt/airflow/dags/kest_example_dag.py    408  0.00s             1           0  0.06s           2026-05-24T20:12:19
================================================================================
[2026-05-24T20:13:19.223+0000] {manager.py:878} INFO - 
================================================================================
DAG File Processing Stats

File Path                                PID  Runtime      # DAGs    # Errors  Last Runtime    Last Run
-------------------------------------  -----  ---------  --------  ----------  --------------  -------------------
/opt/airflow/dags/kest_example_dag.py    413  0.00s             1           0  0.06s           2026-05-24T20:12:49
================================================================================
[2026-05-24T20:13:44.319+0000] {manager.py:737} INFO - Searching for files in /opt/airflow/dags
[2026-05-24T20:13:44.320+0000] {manager.py:740} INFO - There are 1 files in /opt/airflow/dags
[2026-05-24T20:13:49.345+0000] {manager.py:878} INFO - 
================================================================================
DAG File Processing Stats

File Path                                PID  Runtime      # DAGs    # Errors  Last Runtime    Last Run
-------------------------------------  -----  ---------  --------  ----------  --------------  -------------------
/opt/airflow/dags/kest_example_dag.py    418  0.00s             1           0  0.06s           2026-05-24T20:13:19
================================================================================
[2026-05-24T20:14:19.433+0000] {manager.py:878} INFO - 
================================================================================
DAG File Processing Stats

File Path                                PID  Runtime      # DAGs    # Errors  Last Runtime    Last Run
-------------------------------------  -----  ---------  --------  ----------  --------------  -------------------
/opt/airflow/dags/kest_example_dag.py    425  0.00s             1           0  0.06s           2026-05-24T20:13:49
================================================================================
[2026-05-24T20:14:49.550+0000] {manager.py:878} INFO - 
================================================================================
DAG File Processing Stats

File Path                                PID  Runtime      # DAGs    # Errors  Last Runtime    Last Run
-------------------------------------  -----  ---------  --------  ----------  --------------  -------------------
/opt/airflow/dags/kest_example_dag.py    430  0.00s             1           0  0.06s           2026-05-24T20:14:19
================================================================================
[2026-05-24T20:15:19.643+0000] {manager.py:878} INFO - 
================================================================================
DAG File Processing Stats

File Path                                PID  Runtime      # DAGs    # Errors  Last Runtime    Last Run
-------------------------------------  -----  ---------  --------  ----------  --------------  -------------------
/opt/airflow/dags/kest_example_dag.py    435  0.00s             1           0  0.07s           2026-05-24T20:14:49
================================================================================
[2026-05-24T20:15:49.767+0000] {manager.py:878} INFO - 
================================================================================
DAG File Processing Stats

File Path                                PID  Runtime      # DAGs    # Errors  Last Runtime    Last Run
-------------------------------------  -----  ---------  --------  ----------  --------------  -------------------
/opt/airflow/dags/kest_example_dag.py    440  0.00s             1           0  0.07s           2026-05-24T20:15:19
================================================================================
[2026-05-24T20:16:19.865+0000] {manager.py:878} INFO - 
================================================================================
DAG File Processing Stats

File Path                                PID  Runtime      # DAGs    # Errors  Last Runtime    Last Run
-------------------------------------  -----  ---------  --------  ----------  --------------  -------------------
/opt/airflow/dags/kest_example_dag.py    445  0.00s             1           0  0.06s           2026-05-24T20:15:49
================================================================================
[2026-05-24T20:16:49.982+0000] {manager.py:878} INFO - 
================================================================================
DAG File Processing Stats

File Path                                PID  Runtime      # DAGs    # Errors  Last Runtime    Last Run
-------------------------------------  -----  ---------  --------  ----------  --------------  -------------------
/opt/airflow/dags/kest_example_dag.py    450  0.00s             1           0  0.07s           2026-05-24T20:16:19
================================================================================
[2026-05-24T20:17:20.088+0000] {manager.py:878} INFO - 
================================================================================
DAG File Processing Stats

File Path                                PID  Runtime      # DAGs    # Errors  Last Runtime    Last Run
-------------------------------------  -----  ---------  --------  ----------  --------------  -------------------
/opt/airflow/dags/kest_example_dag.py    455  0.00s             1           0  0.07s           2026-05-24T20:16:50
================================================================================
[2026-05-24T20:17:50.205+0000] {manager.py:878} INFO - 
================================================================================
DAG File Processing Stats

File Path                                PID  Runtime      # DAGs    # Errors  Last Runtime    Last Run
-------------------------------------  -----  ---------  --------  ----------  --------------  -------------------
/opt/airflow/dags/kest_example_dag.py    460  0.00s             1           0  0.06s           2026-05-24T20:17:20
================================================================================
[2026-05-24T20:18:20.295+0000] {manager.py:878} INFO - 
================================================================================
DAG File Processing Stats

File Path                                PID  Runtime      # DAGs    # Errors  Last Runtime    Last Run
-------------------------------------  -----  ---------  --------  ----------  --------------  -------------------
/opt/airflow/dags/kest_example_dag.py    465  0.00s             1           0  0.06s           2026-05-24T20:17:50
================================================================================
[2026-05-24T20:18:44.400+0000] {manager.py:737} INFO - Searching for files in /opt/airflow/dags
[2026-05-24T20:18:44.400+0000] {manager.py:740} INFO - There are 1 files in /opt/airflow/dags
[2026-05-24T20:18:50.427+0000] {manager.py:878} INFO - 
================================================================================
DAG File Processing Stats

File Path                                PID  Runtime      # DAGs    # Errors  Last Runtime    Last Run
-------------------------------------  -----  ---------  --------  ----------  --------------  -------------------
/opt/airflow/dags/kest_example_dag.py    470  0.00s             1           0  0.06s           2026-05-24T20:18:20
================================================================================
[2026-05-24T20:19:20.560+0000] {manager.py:878} INFO - 
================================================================================
DAG File Processing Stats

File Path                              PID    Runtime      # DAGs    # Errors  Last Runtime    Last Run
-------------------------------------  -----  ---------  --------  ----------  --------------  -------------------
/opt/airflow/dags/kest_example_dag.py                           1           0  0.14s           2026-05-24T20:19:15
================================================================================
[2026-05-24T20:19:50.730+0000] {manager.py:878} INFO - 
================================================================================
DAG File Processing Stats

File Path                              PID    Runtime      # DAGs    # Errors  Last Runtime    Last Run
-------------------------------------  -----  ---------  --------  ----------  --------------  -------------------
/opt/airflow/dags/kest_example_dag.py                           1           0  0.07s           2026-05-24T20:19:45
================================================================================
[2026-05-24T20:20:20.876+0000] {manager.py:878} INFO - 
================================================================================
DAG File Processing Stats

File Path                              PID    Runtime      # DAGs    # Errors  Last Runtime    Last Run
-------------------------------------  -----  ---------  --------  ----------  --------------  -------------------
/opt/airflow/dags/kest_example_dag.py                           1           0  0.06s           2026-05-24T20:20:16
================================================================================
[2026-05-24T20:20:22.275+0000] {manager.py:452} INFO - Exiting gracefully upon receiving signal 15
[2026-05-24T20:20:40.919+0000] {manager.py:470} INFO - Processing files using up to 2 processes at a time 
[2026-05-24T20:20:40.920+0000] {manager.py:471} INFO - Process each file at most once every 30 seconds
[2026-05-24T20:20:40.920+0000] {manager.py:472} INFO - Checking for new files in /opt/airflow/dags every 300 seconds
[2026-05-24T20:20:40.920+0000] {manager.py:737} INFO - Searching for files in /opt/airflow/dags
[2026-05-24T20:20:40.921+0000] {manager.py:740} INFO - There are 1 files in /opt/airflow/dags
[2026-05-24T20:20:40.983+0000] {manager.py:878} INFO - 
================================================================================
DAG File Processing Stats

File Path                                PID  Runtime      # DAGs    # Errors  Last Runtime    Last Run
-------------------------------------  -----  ---------  --------  ----------  --------------  ----------
/opt/airflow/dags/kest_example_dag.py    167  0.03s             0           0
================================================================================
[2026-05-24T20:21:11.072+0000] {manager.py:878} INFO - 
================================================================================
DAG File Processing Stats

File Path                                PID  Runtime      # DAGs    # Errors  Last Runtime    Last Run
-------------------------------------  -----  ---------  --------  ----------  --------------  -------------------
/opt/airflow/dags/kest_example_dag.py    173  0.00s             1           0  0.09s           2026-05-24T20:20:41
================================================================================
[2026-05-24T20:21:41.180+0000] {manager.py:878} INFO - 
================================================================================
DAG File Processing Stats

File Path                              PID    Runtime      # DAGs    # Errors  Last Runtime    Last Run
-------------------------------------  -----  ---------  --------  ----------  --------------  -------------------
/opt/airflow/dags/kest_example_dag.py                           1           0  0.21s           2026-05-24T20:21:11
================================================================================
[2026-05-24T20:22:11.422+0000] {manager.py:878} INFO - 
================================================================================
DAG File Processing Stats

File Path                                PID  Runtime      # DAGs    # Errors  Last Runtime    Last Run
-------------------------------------  -----  ---------  --------  ----------  --------------  -------------------
/opt/airflow/dags/kest_example_dag.py    185  0.00s             1           0  0.07s           2026-05-24T20:21:41
================================================================================
[2026-05-24T20:22:41.563+0000] {manager.py:878} INFO - 
================================================================================
DAG File Processing Stats

File Path                                PID  Runtime      # DAGs    # Errors  Last Runtime    Last Run
-------------------------------------  -----  ---------  --------  ----------  --------------  -------------------
/opt/airflow/dags/kest_example_dag.py    190  0.00s             1           0  0.06s           2026-05-24T20:22:11
================================================================================
[2026-05-24T20:23:11.654+0000] {manager.py:878} INFO - 
================================================================================
DAG File Processing Stats

File Path                                PID  Runtime      # DAGs    # Errors  Last Runtime    Last Run
-------------------------------------  -----  ---------  --------  ----------  --------------  -------------------
/opt/airflow/dags/kest_example_dag.py    197  0.00s             1           0  0.06s           2026-05-24T20:22:41
================================================================================
[2026-05-24T20:23:41.769+0000] {manager.py:878} INFO - 
================================================================================
DAG File Processing Stats

File Path                                PID  Runtime      # DAGs    # Errors  Last Runtime    Last Run
-------------------------------------  -----  ---------  --------  ----------  --------------  -------------------
/opt/airflow/dags/kest_example_dag.py    202  0.00s             1           0  0.06s           2026-05-24T20:23:11
================================================================================
[2026-05-24T20:24:11.854+0000] {manager.py:878} INFO - 
================================================================================
DAG File Processing Stats

File Path                                PID  Runtime      # DAGs    # Errors  Last Runtime    Last Run
-------------------------------------  -----  ---------  --------  ----------  --------------  -------------------
/opt/airflow/dags/kest_example_dag.py    207  0.00s             1           0  0.06s           2026-05-24T20:23:41
================================================================================
[2026-05-24T20:24:41.970+0000] {manager.py:878} INFO - 
================================================================================
DAG File Processing Stats

File Path                                PID  Runtime      # DAGs    # Errors  Last Runtime    Last Run
-------------------------------------  -----  ---------  --------  ----------  --------------  -------------------
/opt/airflow/dags/kest_example_dag.py    212  0.00s             1           0  0.06s           2026-05-24T20:24:11
================================================================================
[2026-05-24T20:25:12.056+0000] {manager.py:878} INFO - 
================================================================================
DAG File Processing Stats

File Path                                PID  Runtime      # DAGs    # Errors  Last Runtime    Last Run
-------------------------------------  -----  ---------  --------  ----------  --------------  -------------------
/opt/airflow/dags/kest_example_dag.py    217  0.00s             1           0  0.06s           2026-05-24T20:24:42
================================================================================
[2026-05-24T20:25:41.175+0000] {manager.py:737} INFO - Searching for files in /opt/airflow/dags
[2026-05-24T20:25:41.176+0000] {manager.py:740} INFO - There are 1 files in /opt/airflow/dags
[2026-05-24T20:25:42.191+0000] {manager.py:878} INFO - 
================================================================================
DAG File Processing Stats

File Path                                PID  Runtime      # DAGs    # Errors  Last Runtime    Last Run
-------------------------------------  -----  ---------  --------  ----------  --------------  -------------------
/opt/airflow/dags/kest_example_dag.py    222  0.00s             1           0  0.07s           2026-05-24T20:25:12
================================================================================
[2026-05-24T20:26:12.280+0000] {manager.py:878} INFO - 
================================================================================
DAG File Processing Stats

File Path                                PID  Runtime      # DAGs    # Errors  Last Runtime    Last Run
-------------------------------------  -----  ---------  --------  ----------  --------------  -------------------
/opt/airflow/dags/kest_example_dag.py    227  0.00s             1           0  0.06s           2026-05-24T20:25:42
================================================================================
[2026-05-24T20:26:42.435+0000] {manager.py:878} INFO - 
================================================================================
DAG File Processing Stats

File Path                              PID    Runtime      # DAGs    # Errors  Last Runtime    Last Run
-------------------------------------  -----  ---------  --------  ----------  --------------  -------------------
/opt/airflow/dags/kest_example_dag.py                           1           0  0.06s           2026-05-24T20:26:34
================================================================================
[2026-05-24T20:27:12.550+0000] {manager.py:878} INFO - 
================================================================================
DAG File Processing Stats

File Path                              PID    Runtime      # DAGs    # Errors  Last Runtime    Last Run
-------------------------------------  -----  ---------  --------  ----------  --------------  -------------------
/opt/airflow/dags/kest_example_dag.py                           1           0  0.06s           2026-05-24T20:27:04
================================================================================
[2026-05-24T20:27:42.686+0000] {manager.py:878} INFO - 
================================================================================
DAG File Processing Stats

File Path                              PID    Runtime      # DAGs    # Errors  Last Runtime    Last Run
-------------------------------------  -----  ---------  --------  ----------  --------------  -------------------
/opt/airflow/dags/kest_example_dag.py                           1           0  0.05s           2026-05-24T20:27:40
================================================================================
[2026-05-24T20:27:53.981+0000] {manager.py:452} INFO - Exiting gracefully upon receiving signal 15
[2026-05-24T20:28:01.196+0000] {manager.py:470} INFO - Processing files using up to 2 processes at a time 
[2026-05-24T20:28:01.196+0000] {manager.py:471} INFO - Process each file at most once every 30 seconds
[2026-05-24T20:28:01.196+0000] {manager.py:472} INFO - Checking for new files in /opt/airflow/dags every 300 seconds
[2026-05-24T20:28:01.197+0000] {manager.py:737} INFO - Searching for files in /opt/airflow/dags
[2026-05-24T20:28:01.198+0000] {manager.py:740} INFO - There are 1 files in /opt/airflow/dags
[2026-05-24T20:28:01.279+0000] {manager.py:878} INFO - 
================================================================================
DAG File Processing Stats

File Path                                PID  Runtime      # DAGs    # Errors  Last Runtime    Last Run
-------------------------------------  -----  ---------  --------  ----------  --------------  ----------
/opt/airflow/dags/kest_example_dag.py    167  0.03s             0           0
================================================================================
[2026-05-24T20:28:31.365+0000] {manager.py:878} INFO - 
================================================================================
DAG File Processing Stats

File Path                              PID    Runtime      # DAGs    # Errors  Last Runtime    Last Run
-------------------------------------  -----  ---------  --------  ----------  --------------  -------------------
/opt/airflow/dags/kest_example_dag.py                           1           0  0.15s           2026-05-24T20:28:01
================================================================================
[2026-05-24T20:29:01.556+0000] {manager.py:878} INFO - 
================================================================================
DAG File Processing Stats

File Path                                PID  Runtime      # DAGs    # Errors  Last Runtime    Last Run
-------------------------------------  -----  ---------  --------  ----------  --------------  -------------------
/opt/airflow/dags/kest_example_dag.py    186  0.00s             1           0  0.06s           2026-05-24T20:28:31
================================================================================
[2026-05-24T20:29:31.680+0000] {manager.py:878} INFO - 
================================================================================
DAG File Processing Stats

File Path                                PID  Runtime      # DAGs    # Errors  Last Runtime    Last Run
-------------------------------------  -----  ---------  --------  ----------  --------------  -------------------
/opt/airflow/dags/kest_example_dag.py    191  0.00s             1           0  0.07s           2026-05-24T20:29:01
================================================================================
[2026-05-24T20:30:01.779+0000] {manager.py:878} INFO - 
================================================================================
DAG File Processing Stats

File Path                                PID  Runtime      # DAGs    # Errors  Last Runtime    Last Run
-------------------------------------  -----  ---------  --------  ----------  --------------  -------------------
/opt/airflow/dags/kest_example_dag.py    196  0.00s             1           0  0.06s           2026-05-24T20:29:31
================================================================================
[2026-05-24T20:30:31.905+0000] {manager.py:878} INFO - 
================================================================================
DAG File Processing Stats

File Path                                PID  Runtime      # DAGs    # Errors  Last Runtime    Last Run
-------------------------------------  -----  ---------  --------  ----------  --------------  -------------------
/opt/airflow/dags/kest_example_dag.py    201  0.00s             1           0  0.07s           2026-05-24T20:30:01
================================================================================
[2026-05-24T20:31:02.053+0000] {manager.py:878} INFO - 
================================================================================
DAG File Processing Stats

File Path                              PID    Runtime      # DAGs    # Errors  Last Runtime    Last Run
-------------------------------------  -----  ---------  --------  ----------  --------------  -------------------
/opt/airflow/dags/kest_example_dag.py                           1           0  0.07s           2026-05-24T20:30:57
================================================================================
[2026-05-24T20:31:03.092+0000] {manager.py:452} INFO - Exiting gracefully upon receiving signal 15
[2026-05-24T20:31:10.383+0000] {manager.py:470} INFO - Processing files using up to 2 processes at a time 
[2026-05-24T20:31:10.384+0000] {manager.py:471} INFO - Process each file at most once every 30 seconds
[2026-05-24T20:31:10.385+0000] {manager.py:472} INFO - Checking for new files in /opt/airflow/dags every 300 seconds
[2026-05-24T20:31:10.385+0000] {manager.py:737} INFO - Searching for files in /opt/airflow/dags
[2026-05-24T20:31:10.388+0000] {manager.py:740} INFO - There are 1 files in /opt/airflow/dags
[2026-05-24T20:31:10.451+0000] {manager.py:878} INFO - 
================================================================================
DAG File Processing Stats

File Path                                PID  Runtime      # DAGs    # Errors  Last Runtime    Last Run
-------------------------------------  -----  ---------  --------  ----------  --------------  ----------
/opt/airflow/dags/kest_example_dag.py    167  0.02s             0           0
================================================================================
[2026-05-24T20:31:40.536+0000] {manager.py:878} INFO - 
================================================================================
DAG File Processing Stats

File Path                              PID    Runtime      # DAGs    # Errors  Last Runtime    Last Run
-------------------------------------  -----  ---------  --------  ----------  --------------  -------------------
/opt/airflow/dags/kest_example_dag.py                           1           0  0.13s           2026-05-24T20:31:10
================================================================================
[2026-05-24T20:32:10.710+0000] {manager.py:878} INFO - 
================================================================================
DAG File Processing Stats

File Path                                PID  Runtime      # DAGs    # Errors  Last Runtime    Last Run
-------------------------------------  -----  ---------  --------  ----------  --------------  -------------------
/opt/airflow/dags/kest_example_dag.py    208  0.00s             1           0  0.07s           2026-05-24T20:31:40
================================================================================
[2026-05-24T20:32:40.847+0000] {manager.py:878} INFO - 
================================================================================
DAG File Processing Stats

File Path                                PID  Runtime      # DAGs    # Errors  Last Runtime    Last Run
-------------------------------------  -----  ---------  --------  ----------  --------------  -------------------
/opt/airflow/dags/kest_example_dag.py    213  0.00s             1           0  0.06s           2026-05-24T20:32:10
================================================================================
[2026-05-24T20:33:10.940+0000] {manager.py:878} INFO - 
================================================================================
DAG File Processing Stats

File Path                                PID  Runtime      # DAGs    # Errors  Last Runtime    Last Run
-------------------------------------  -----  ---------  --------  ----------  --------------  -------------------
/opt/airflow/dags/kest_example_dag.py    218  0.00s             1           0  0.06s           2026-05-24T20:32:40
================================================================================
[2026-05-24T20:33:12.193+0000] {manager.py:452} INFO - Exiting gracefully upon receiving signal 15
[2026-05-24T20:33:31.704+0000] {manager.py:470} INFO - Processing files using up to 2 processes at a time 
[2026-05-24T20:33:31.706+0000] {manager.py:471} INFO - Process each file at most once every 30 seconds
[2026-05-24T20:33:31.707+0000] {manager.py:472} INFO - Checking for new files in /opt/airflow/dags every 300 seconds
[2026-05-24T20:33:31.707+0000] {manager.py:737} INFO - Searching for files in /opt/airflow/dags
[2026-05-24T20:33:31.708+0000] {manager.py:740} INFO - There are 1 files in /opt/airflow/dags
[2026-05-24T20:33:31.801+0000] {manager.py:878} INFO - 
================================================================================
DAG File Processing Stats

File Path                                PID  Runtime      # DAGs    # Errors  Last Runtime    Last Run
-------------------------------------  -----  ---------  --------  ----------  --------------  ----------
/opt/airflow/dags/kest_example_dag.py    167  0.03s             0           0
================================================================================
[2026-05-24T20:34:01.889+0000] {manager.py:878} INFO - 
================================================================================
DAG File Processing Stats

File Path                                PID  Runtime      # DAGs    # Errors  Last Runtime    Last Run
-------------------------------------  -----  ---------  --------  ----------  --------------  -------------------
/opt/airflow/dags/kest_example_dag.py    205  0.00s             1           0  0.08s           2026-05-24T20:33:31
================================================================================
[2026-05-24T20:34:32.019+0000] {manager.py:878} INFO - 
================================================================================
DAG File Processing Stats

File Path                              PID    Runtime      # DAGs    # Errors  Last Runtime    Last Run
-------------------------------------  -----  ---------  --------  ----------  --------------  -------------------
/opt/airflow/dags/kest_example_dag.py                           1           0  0.21s           2026-05-24T20:34:02
================================================================================
[2026-05-24T20:35:02.252+0000] {manager.py:878} INFO - 
================================================================================
DAG File Processing Stats

File Path                                PID  Runtime      # DAGs    # Errors  Last Runtime    Last Run
-------------------------------------  -----  ---------  --------  ----------  --------------  -------------------
/opt/airflow/dags/kest_example_dag.py    215  0.00s             1           0  0.06s           2026-05-24T20:34:32
================================================================================
[2026-05-24T20:35:32.381+0000] {manager.py:878} INFO - 
================================================================================
DAG File Processing Stats

File Path                                PID  Runtime      # DAGs    # Errors  Last Runtime    Last Run
-------------------------------------  -----  ---------  --------  ----------  --------------  -------------------
/opt/airflow/dags/kest_example_dag.py    252  0.00s             1           0  0.07s           2026-05-24T20:35:02
================================================================================
[2026-05-24T20:36:02.473+0000] {manager.py:878} INFO - 
================================================================================
DAG File Processing Stats

File Path                                PID  Runtime      # DAGs    # Errors  Last Runtime    Last Run
-------------------------------------  -----  ---------  --------  ----------  --------------  -------------------
/opt/airflow/dags/kest_example_dag.py    257  0.00s             1           0  0.06s           2026-05-24T20:35:32
================================================================================
[2026-05-24T20:36:16.614+0000] {manager.py:452} INFO - Exiting gracefully upon receiving signal 15
[2026-05-24T20:36:23.614+0000] {manager.py:470} INFO - Processing files using up to 2 processes at a time 
[2026-05-24T20:36:23.615+0000] {manager.py:471} INFO - Process each file at most once every 30 seconds
[2026-05-24T20:36:23.615+0000] {manager.py:472} INFO - Checking for new files in /opt/airflow/dags every 300 seconds
[2026-05-24T20:36:23.615+0000] {manager.py:737} INFO - Searching for files in /opt/airflow/dags
[2026-05-24T20:36:23.616+0000] {manager.py:740} INFO - There are 1 files in /opt/airflow/dags
[2026-05-24T20:36:23.684+0000] {manager.py:878} INFO - 
================================================================================
DAG File Processing Stats

File Path                                PID  Runtime      # DAGs    # Errors  Last Runtime    Last Run
-------------------------------------  -----  ---------  --------  ----------  --------------  ----------
/opt/airflow/dags/kest_example_dag.py    167  0.03s             0           0
================================================================================
[2026-05-24T20:36:53.773+0000] {manager.py:878} INFO - 
================================================================================
DAG File Processing Stats

File Path                              PID    Runtime      # DAGs    # Errors  Last Runtime    Last Run
-------------------------------------  -----  ---------  --------  ----------  --------------  -------------------
/opt/airflow/dags/kest_example_dag.py                           1           0  0.15s           2026-05-24T20:36:23
================================================================================
[2026-05-24T20:37:23.977+0000] {manager.py:878} INFO - 
================================================================================
DAG File Processing Stats

File Path                                PID  Runtime      # DAGs    # Errors  Last Runtime    Last Run
-------------------------------------  -----  ---------  --------  ----------  --------------  -------------------
/opt/airflow/dags/kest_example_dag.py    242  0.00s             1           0  0.08s           2026-05-24T20:36:53
================================================================================
[2026-05-24T20:37:54.103+0000] {manager.py:878} INFO - 
================================================================================
DAG File Processing Stats

File Path                                PID  Runtime      # DAGs    # Errors  Last Runtime    Last Run
-------------------------------------  -----  ---------  --------  ----------  --------------  -------------------
/opt/airflow/dags/kest_example_dag.py    247  0.00s             1           0  0.09s           2026-05-24T20:37:24
================================================================================
[2026-05-24T20:37:59.102+0000] {manager.py:452} INFO - Exiting gracefully upon receiving signal 15
[2026-05-24T20:38:06.617+0000] {manager.py:470} INFO - Processing files using up to 2 processes at a time 
[2026-05-24T20:38:06.617+0000] {manager.py:471} INFO - Process each file at most once every 30 seconds
[2026-05-24T20:38:06.617+0000] {manager.py:472} INFO - Checking for new files in /opt/airflow/dags every 300 seconds
[2026-05-24T20:38:06.618+0000] {manager.py:737} INFO - Searching for files in /opt/airflow/dags
[2026-05-24T20:38:06.618+0000] {manager.py:740} INFO - There are 1 files in /opt/airflow/dags
[2026-05-24T20:38:06.689+0000] {manager.py:878} INFO - 
================================================================================
DAG File Processing Stats

File Path                                PID  Runtime      # DAGs    # Errors  Last Runtime    Last Run
-------------------------------------  -----  ---------  --------  ----------  --------------  ----------
/opt/airflow/dags/kest_example_dag.py    167  0.03s             0           0
================================================================================
[2026-05-24T20:38:36.765+0000] {manager.py:878} INFO - 
================================================================================
DAG File Processing Stats

File Path                              PID    Runtime      # DAGs    # Errors  Last Runtime    Last Run
-------------------------------------  -----  ---------  --------  ----------  --------------  -------------------
/opt/airflow/dags/kest_example_dag.py                           1           0  0.17s           2026-05-24T20:38:06
================================================================================
[2026-05-24T20:39:06.982+0000] {manager.py:878} INFO - 
================================================================================
DAG File Processing Stats

File Path                                PID  Runtime      # DAGs    # Errors  Last Runtime    Last Run
-------------------------------------  -----  ---------  --------  ----------  --------------  -------------------
/opt/airflow/dags/kest_example_dag.py    238  0.00s             1           0  0.07s           2026-05-24T20:38:36
================================================================================
[2026-05-24T20:39:37.102+0000] {manager.py:878} INFO - 
================================================================================
DAG File Processing Stats

File Path                                PID  Runtime      # DAGs    # Errors  Last Runtime    Last Run
-------------------------------------  -----  ---------  --------  ----------  --------------  -------------------
/opt/airflow/dags/kest_example_dag.py    243  0.00s             1           0  0.06s           2026-05-24T20:39:07
================================================================================
[2026-05-24T20:39:50.282+0000] {manager.py:452} INFO - Exiting gracefully upon receiving signal 15
[2026-05-24T20:39:57.457+0000] {manager.py:470} INFO - Processing files using up to 2 processes at a time 
[2026-05-24T20:39:57.457+0000] {manager.py:471} INFO - Process each file at most once every 30 seconds
[2026-05-24T20:39:57.457+0000] {manager.py:472} INFO - Checking for new files in /opt/airflow/dags every 300 seconds
[2026-05-24T20:39:57.457+0000] {manager.py:737} INFO - Searching for files in /opt/airflow/dags
[2026-05-24T20:39:57.458+0000] {manager.py:740} INFO - There are 1 files in /opt/airflow/dags
[2026-05-24T20:39:57.513+0000] {manager.py:878} INFO - 
================================================================================
DAG File Processing Stats

File Path                                PID  Runtime      # DAGs    # Errors  Last Runtime    Last Run
-------------------------------------  -----  ---------  --------  ----------  --------------  ----------
/opt/airflow/dags/kest_example_dag.py    167  0.02s             0           0
================================================================================
[2026-05-24T20:40:27.597+0000] {manager.py:878} INFO - 
================================================================================
DAG File Processing Stats

File Path                              PID    Runtime      # DAGs    # Errors  Last Runtime    Last Run
-------------------------------------  -----  ---------  --------  ----------  --------------  -------------------
/opt/airflow/dags/kest_example_dag.py                           1           0  0.13s           2026-05-24T20:39:57
================================================================================
[2026-05-24T20:40:57.781+0000] {manager.py:878} INFO - 
================================================================================
DAG File Processing Stats

File Path                                PID  Runtime      # DAGs    # Errors  Last Runtime    Last Run
-------------------------------------  -----  ---------  --------  ----------  --------------  -------------------
/opt/airflow/dags/kest_example_dag.py    298  0.01s             1           0  0.07s           2026-05-24T20:40:27
================================================================================
[2026-05-24T20:41:27.311+0000] {manager.py:452} INFO - Exiting gracefully upon receiving signal 15
[2026-05-24T20:41:34.369+0000] {manager.py:470} INFO - Processing files using up to 2 processes at a time 
[2026-05-24T20:41:34.369+0000] {manager.py:471} INFO - Process each file at most once every 30 seconds
[2026-05-24T20:41:34.369+0000] {manager.py:472} INFO - Checking for new files in /opt/airflow/dags every 300 seconds
[2026-05-24T20:41:34.369+0000] {manager.py:737} INFO - Searching for files in /opt/airflow/dags
[2026-05-24T20:41:34.370+0000] {manager.py:740} INFO - There are 1 files in /opt/airflow/dags
[2026-05-24T20:41:34.423+0000] {manager.py:878} INFO - 
================================================================================
DAG File Processing Stats

File Path                                PID  Runtime      # DAGs    # Errors  Last Runtime    Last Run
-------------------------------------  -----  ---------  --------  ----------  --------------  ----------
/opt/airflow/dags/kest_example_dag.py    167  0.02s             0           0
================================================================================
[2026-05-24T20:42:04.506+0000] {manager.py:878} INFO - 
================================================================================
DAG File Processing Stats

File Path                              PID    Runtime      # DAGs    # Errors  Last Runtime    Last Run
-------------------------------------  -----  ---------  --------  ----------  --------------  -------------------
/opt/airflow/dags/kest_example_dag.py                           1           0  0.13s           2026-05-24T20:41:34
================================================================================
[2026-05-24T20:42:34.683+0000] {manager.py:878} INFO - 
================================================================================
DAG File Processing Stats

File Path                                PID  Runtime      # DAGs    # Errors  Last Runtime    Last Run
-------------------------------------  -----  ---------  --------  ----------  --------------  -------------------
/opt/airflow/dags/kest_example_dag.py    238  0.00s             1           0  0.07s           2026-05-24T20:42:04
================================================================================
[2026-05-24T20:42:55.590+0000] {manager.py:452} INFO - Exiting gracefully upon receiving signal 15
[2026-05-24T20:43:02.970+0000] {manager.py:470} INFO - Processing files using up to 2 processes at a time 
[2026-05-24T20:43:02.970+0000] {manager.py:471} INFO - Process each file at most once every 30 seconds
[2026-05-24T20:43:02.970+0000] {manager.py:472} INFO - Checking for new files in /opt/airflow/dags every 300 seconds
[2026-05-24T20:43:02.970+0000] {manager.py:737} INFO - Searching for files in /opt/airflow/dags
[2026-05-24T20:43:02.971+0000] {manager.py:740} INFO - There are 1 files in /opt/airflow/dags
[2026-05-24T20:43:03.034+0000] {manager.py:878} INFO - 
================================================================================
DAG File Processing Stats

File Path                                PID  Runtime      # DAGs    # Errors  Last Runtime    Last Run
-------------------------------------  -----  ---------  --------  ----------  --------------  ----------
/opt/airflow/dags/kest_example_dag.py    167  0.03s             0           0
================================================================================
[2026-05-24T20:43:33.121+0000] {manager.py:878} INFO - 
================================================================================
DAG File Processing Stats

File Path                              PID    Runtime      # DAGs    # Errors  Last Runtime    Last Run
-------------------------------------  -----  ---------  --------  ----------  --------------  -------------------
/opt/airflow/dags/kest_example_dag.py                           1           0  0.13s           2026-05-24T20:43:03
================================================================================
[2026-05-24T20:44:03.294+0000] {manager.py:878} INFO - 
================================================================================
DAG File Processing Stats

File Path                                PID  Runtime      # DAGs    # Errors  Last Runtime    Last Run
-------------------------------------  -----  ---------  --------  ----------  --------------  -------------------
/opt/airflow/dags/kest_example_dag.py    265  0.00s             1           0  0.07s           2026-05-24T20:43:33
================================================================================
[2026-05-24T20:44:33.424+0000] {manager.py:878} INFO - 
================================================================================
DAG File Processing Stats

File Path                                PID  Runtime      # DAGs    # Errors  Last Runtime    Last Run
-------------------------------------  -----  ---------  --------  ----------  --------------  -------------------
/opt/airflow/dags/kest_example_dag.py    270  0.00s             1           0  0.06s           2026-05-24T20:44:03
================================================================================
[2026-05-24T20:45:03.510+0000] {manager.py:878} INFO - 
================================================================================
DAG File Processing Stats

File Path                                PID  Runtime      # DAGs    # Errors  Last Runtime    Last Run
-------------------------------------  -----  ---------  --------  ----------  --------------  -------------------
/opt/airflow/dags/kest_example_dag.py    275  0.00s             1           0  0.06s           2026-05-24T20:44:33
================================================================================
[2026-05-24T20:45:33.624+0000] {manager.py:878} INFO - 
================================================================================
DAG File Processing Stats

File Path                                PID  Runtime      # DAGs    # Errors  Last Runtime    Last Run
-------------------------------------  -----  ---------  --------  ----------  --------------  -------------------
/opt/airflow/dags/kest_example_dag.py    334  0.00s             1           0  0.06s           2026-05-24T20:45:03
================================================================================
[2026-05-24T20:46:03.725+0000] {manager.py:878} INFO - 
================================================================================
DAG File Processing Stats

File Path                                PID  Runtime      # DAGs    # Errors  Last Runtime    Last Run
-------------------------------------  -----  ---------  --------  ----------  --------------  -------------------
/opt/airflow/dags/kest_example_dag.py    339  0.00s             1           0  0.07s           2026-05-24T20:45:33
================================================================================
[2026-05-24T20:46:13.206+0000] {manager.py:452} INFO - Exiting gracefully upon receiving signal 15
[2026-05-24T20:46:20.401+0000] {manager.py:470} INFO - Processing files using up to 2 processes at a time 
[2026-05-24T20:46:20.402+0000] {manager.py:471} INFO - Process each file at most once every 30 seconds
[2026-05-24T20:46:20.402+0000] {manager.py:472} INFO - Checking for new files in /opt/airflow/dags every 300 seconds
[2026-05-24T20:46:20.402+0000] {manager.py:737} INFO - Searching for files in /opt/airflow/dags
[2026-05-24T20:46:20.403+0000] {manager.py:740} INFO - There are 1 files in /opt/airflow/dags
[2026-05-24T20:46:20.461+0000] {manager.py:878} INFO - 
================================================================================
DAG File Processing Stats

File Path                                PID  Runtime      # DAGs    # Errors  Last Runtime    Last Run
-------------------------------------  -----  ---------  --------  ----------  --------------  ----------
/opt/airflow/dags/kest_example_dag.py    167  0.02s             0           0
================================================================================
[2026-05-24T20:46:50.544+0000] {manager.py:878} INFO - 
================================================================================
DAG File Processing Stats

File Path                              PID    Runtime      # DAGs    # Errors  Last Runtime    Last Run
-------------------------------------  -----  ---------  --------  ----------  --------------  -------------------
/opt/airflow/dags/kest_example_dag.py                           1           0  0.16s           2026-05-24T20:46:20
================================================================================
[2026-05-24T20:47:20.758+0000] {manager.py:878} INFO - 
================================================================================
DAG File Processing Stats

File Path                                PID  Runtime      # DAGs    # Errors  Last Runtime    Last Run
-------------------------------------  -----  ---------  --------  ----------  --------------  -------------------
/opt/airflow/dags/kest_example_dag.py    227  0.00s             1           0  0.06s           2026-05-24T20:46:50
================================================================================
[2026-05-24T20:47:50.879+0000] {manager.py:878} INFO - 
================================================================================
DAG File Processing Stats

File Path                                PID  Runtime      # DAGs    # Errors  Last Runtime    Last Run
-------------------------------------  -----  ---------  --------  ----------  --------------  -------------------
/opt/airflow/dags/kest_example_dag.py    248  0.00s             1           0  0.06s           2026-05-24T20:47:20
================================================================================
[2026-05-24T20:48:01.366+0000] {manager.py:452} INFO - Exiting gracefully upon receiving signal 15
