[2026-05-24T20:28:18.447+0000] {local_task_job_runner.py:120} INFO - ::group::Pre task execution logs
[2026-05-24T20:28:18.473+0000] {taskinstance.py:2076} INFO - Dependencies all met for dep_context=non-requeueable deps ti=<TaskInstance: kest_example_pipeline.run_dlt manual__2026-05-24T20:28:18.151758+00:00 [queued]>
[2026-05-24T20:28:18.482+0000] {taskinstance.py:2076} INFO - Dependencies all met for dep_context=requeueable deps ti=<TaskInstance: kest_example_pipeline.run_dlt manual__2026-05-24T20:28:18.151758+00:00 [queued]>
[2026-05-24T20:28:18.482+0000] {taskinstance.py:2306} INFO - Starting attempt 1 of 2
[2026-05-24T20:28:18.492+0000] {taskinstance.py:2330} INFO - Executing <Task(_BashDecoratedOperator): run_dlt> on 2026-05-24 20:28:18.151758+00:00
[2026-05-24T20:28:18.499+0000] {logging_mixin.py:188} WARNING - /home/airflow/.local/lib/python3.12/site-packages/airflow/task/task_runner/standard_task_runner.py:62 DeprecationWarning: This process (pid=177) is multi-threaded, use of fork() may lead to deadlocks in the child.
[2026-05-24T20:28:18.498+0000] {standard_task_runner.py:90} INFO - Running: ['airflow', 'tasks', 'run', 'kest_example_pipeline', 'run_dlt', 'manual__2026-05-24T20:28:18.151758+00:00', '--job-id', '10', '--raw', '--subdir', 'DAGS_FOLDER/kest_example_dag.py', '--cfg-path', '/tmp/tmpkm74zrwm']
[2026-05-24T20:28:18.499+0000] {standard_task_runner.py:64} INFO - Started process 178 to run task
[2026-05-24T20:28:18.499+0000] {standard_task_runner.py:91} INFO - Job 10: Subtask run_dlt
[2026-05-24T20:28:18.538+0000] {task_command.py:426} INFO - Running <TaskInstance: kest_example_pipeline.run_dlt manual__2026-05-24T20:28:18.151758+00:00 [running]> on host ce2633b30e87
[2026-05-24T20:28:18.602+0000] {taskinstance.py:2648} INFO - Exporting env vars: AIRFLOW_CTX_DAG_OWNER='kest' AIRFLOW_CTX_DAG_ID='kest_example_pipeline' AIRFLOW_CTX_TASK_ID='run_dlt' AIRFLOW_CTX_EXECUTION_DATE='2026-05-24T20:28:18.151758+00:00' AIRFLOW_CTX_TRY_NUMBER='1' AIRFLOW_CTX_DAG_RUN_ID='manual__2026-05-24T20:28:18.151758+00:00'
[2026-05-24T20:28:18.602+0000] {taskinstance.py:430} INFO - ::endgroup::
[2026-05-24T20:28:18.624+0000] {subprocess.py:63} INFO - Tmp dir root location: /tmp
[2026-05-24T20:28:18.625+0000] {subprocess.py:75} INFO - Running command: ['/usr/bin/bash', '-c', "bash -lc '/opt/kest/scripts/run_dlt.sh'"]
[2026-05-24T20:28:18.635+0000] {subprocess.py:86} INFO - Output:
[2026-05-24T20:28:18.640+0000] {subprocess.py:93} INFO - bash: line 1: /opt/kest/scripts/run_dlt.sh: Permission denied
[2026-05-24T20:28:18.640+0000] {subprocess.py:97} INFO - Command exited with return code 126
[2026-05-24T20:28:18.640+0000] {taskinstance.py:441} INFO - ::group::Post task execution logs
[2026-05-24T20:28:18.651+0000] {taskinstance.py:2905} ERROR - Task failed with exception
Traceback (most recent call last):
  File "/home/airflow/.local/lib/python3.12/site-packages/airflow/models/taskinstance.py", line 465, in _execute_task
    result = _execute_callable(context=context, **execute_callable_kwargs)
             ^^^^^^^^^^^^^^^^^^^^^^^^^^^^^^^^^^^^^^^^^^^^^^^^^^^^^^^^^^^^^
  File "/home/airflow/.local/lib/python3.12/site-packages/airflow/models/taskinstance.py", line 432, in _execute_callable
    return execute_callable(context=context, **execute_callable_kwargs)
           ^^^^^^^^^^^^^^^^^^^^^^^^^^^^^^^^^^^^^^^^^^^^^^^^^^^^^^^^^^^^
  File "/home/airflow/.local/lib/python3.12/site-packages/airflow/models/baseoperator.py", line 401, in wrapper
    return func(self, *args, **kwargs)
           ^^^^^^^^^^^^^^^^^^^^^^^^^^^
  File "/home/airflow/.local/lib/python3.12/site-packages/airflow/decorators/bash.py", line 81, in execute
    return super().execute(context)
           ^^^^^^^^^^^^^^^^^^^^^^^^
  File "/home/airflow/.local/lib/python3.12/site-packages/airflow/models/baseoperator.py", line 401, in wrapper
    return func(self, *args, **kwargs)
           ^^^^^^^^^^^^^^^^^^^^^^^^^^^
  File "/home/airflow/.local/lib/python3.12/site-packages/airflow/decorators/base.py", line 265, in execute
    return_value = super().execute(context)
                   ^^^^^^^^^^^^^^^^^^^^^^^^
  File "/home/airflow/.local/lib/python3.12/site-packages/airflow/models/baseoperator.py", line 401, in wrapper
    return func(self, *args, **kwargs)
           ^^^^^^^^^^^^^^^^^^^^^^^^^^^
  File "/home/airflow/.local/lib/python3.12/site-packages/airflow/operators/bash.py", line 243, in execute
    raise AirflowException(
airflow.exceptions.AirflowException: Bash command failed. The command returned a non-zero exit code 126.
[2026-05-24T20:28:18.655+0000] {taskinstance.py:1206} INFO - Marking task as UP_FOR_RETRY. dag_id=kest_example_pipeline, task_id=run_dlt, run_id=manual__2026-05-24T20:28:18.151758+00:00, execution_date=20260524T202818, start_date=20260524T202818, end_date=20260524T202818
[2026-05-24T20:28:18.665+0000] {standard_task_runner.py:110} ERROR - Failed to execute job 10 for task run_dlt (Bash command failed. The command returned a non-zero exit code 126.; 178)
[2026-05-24T20:28:18.672+0000] {local_task_job_runner.py:243} INFO - Task exited with return code 1
[2026-05-24T20:28:18.691+0000] {taskinstance.py:3503} INFO - 0 downstream tasks scheduled from follow-on schedule check
[2026-05-24T20:28:18.692+0000] {local_task_job_runner.py:222} INFO - ::endgroup::
