[2026-05-24T20:40:16.950+0000] {local_task_job_runner.py:120} INFO - ::group::Pre task execution logs
[2026-05-24T20:40:16.983+0000] {taskinstance.py:2076} INFO - Dependencies all met for dep_context=non-requeueable deps ti=<TaskInstance: kest_example_pipeline.run_dlt manual__2026-05-24T20:40:16.555854+00:00 [queued]>
[2026-05-24T20:40:16.993+0000] {taskinstance.py:2076} INFO - Dependencies all met for dep_context=requeueable deps ti=<TaskInstance: kest_example_pipeline.run_dlt manual__2026-05-24T20:40:16.555854+00:00 [queued]>
[2026-05-24T20:40:16.993+0000] {taskinstance.py:2306} INFO - Starting attempt 1 of 2
[2026-05-24T20:40:17.003+0000] {taskinstance.py:2330} INFO - Executing <Task(_BashDecoratedOperator): run_dlt> on 2026-05-24 20:40:16.555854+00:00
[2026-05-24T20:40:17.010+0000] {standard_task_runner.py:90} INFO - Running: ['airflow', 'tasks', 'run', 'kest_example_pipeline', 'run_dlt', 'manual__2026-05-24T20:40:16.555854+00:00', '--job-id', '24', '--raw', '--subdir', 'DAGS_FOLDER/kest_example_dag.py', '--cfg-path', '/tmp/tmpt150vr18']
[2026-05-24T20:40:17.011+0000] {standard_task_runner.py:91} INFO - Job 24: Subtask run_dlt
[2026-05-24T20:40:17.012+0000] {logging_mixin.py:188} WARNING - /home/airflow/.local/lib/python3.12/site-packages/airflow/task/task_runner/standard_task_runner.py:62 DeprecationWarning: This process (pid=191) is multi-threaded, use of fork() may lead to deadlocks in the child.
[2026-05-24T20:40:17.012+0000] {standard_task_runner.py:64} INFO - Started process 203 to run task
[2026-05-24T20:40:17.046+0000] {task_command.py:426} INFO - Running <TaskInstance: kest_example_pipeline.run_dlt manual__2026-05-24T20:40:16.555854+00:00 [running]> on host 097ef526d130
[2026-05-24T20:40:17.122+0000] {taskinstance.py:2648} INFO - Exporting env vars: AIRFLOW_CTX_DAG_OWNER='kest' AIRFLOW_CTX_DAG_ID='kest_example_pipeline' AIRFLOW_CTX_TASK_ID='run_dlt' AIRFLOW_CTX_EXECUTION_DATE='2026-05-24T20:40:16.555854+00:00' AIRFLOW_CTX_TRY_NUMBER='1' AIRFLOW_CTX_DAG_RUN_ID='manual__2026-05-24T20:40:16.555854+00:00'
[2026-05-24T20:40:17.122+0000] {taskinstance.py:430} INFO - ::endgroup::
[2026-05-24T20:40:17.141+0000] {subprocess.py:63} INFO - Tmp dir root location: /tmp
[2026-05-24T20:40:17.142+0000] {subprocess.py:75} INFO - Running command: ['/usr/bin/bash', '-c', "bash -lc 'bash /opt/kest/scripts/run_dlt.sh'"]
[2026-05-24T20:40:17.150+0000] {subprocess.py:86} INFO - Output:
[2026-05-24T20:40:17.157+0000] {subprocess.py:93} INFO - Bootstrapping MinIO bucket...
[2026-05-24T20:40:17.863+0000] {subprocess.py:93} INFO - Running dlt pipeline...
[2026-05-24T20:40:20.323+0000] {subprocess.py:93} INFO - [[34m2026-05-24T20:40:20.323+0000[0m] {[34mcredentials.py:[0m1147} INFO[0m - Found credentials in environment variables.[0m
[2026-05-24T20:40:20.433+0000] {subprocess.py:93} INFO - [[34m2026-05-24T20:40:20.433+0000[0m] {[34mconfigprovider.py:[0m952} INFO[0m - Found endpoint for s3 via: environment_global.[0m
[2026-05-24T20:40:21.014+0000] {subprocess.py:93} INFO - [[34m2026-05-24T20:40:21.014+0000[0m] {[34mcredentials.py:[0m1147} INFO[0m - Found credentials in environment variables.[0m
[2026-05-24T20:40:21.151+0000] {subprocess.py:93} INFO - [[34m2026-05-24T20:40:21.150+0000[0m] {[34mconfigprovider.py:[0m952} INFO[0m - Found endpoint for s3 via: environment_global.[0m
[2026-05-24T20:40:22.591+0000] {subprocess.py:97} INFO - Command exited with return code 0
[2026-05-24T20:40:22.591+0000] {taskinstance.py:441} INFO - ::group::Post task execution logs
[2026-05-24T20:40:22.608+0000] {taskinstance.py:1206} INFO - Marking task as SUCCESS. dag_id=kest_example_pipeline, task_id=run_dlt, run_id=manual__2026-05-24T20:40:16.555854+00:00, execution_date=20260524T204016, start_date=20260524T204016, end_date=20260524T204022
[2026-05-24T20:40:22.630+0000] {local_task_job_runner.py:243} INFO - Task exited with return code 0
[2026-05-24T20:40:22.649+0000] {taskinstance.py:3503} INFO - 1 downstream tasks scheduled from follow-on schedule check
[2026-05-24T20:40:22.650+0000] {local_task_job_runner.py:222} INFO - ::endgroup::
